[REDTEAM] Harness loaded. 15 fixtures defined.

[REDTEAM] Phase 1: Setup 
[REDTEAM] Setup 01-exec-coach-no-price-no-testim: serviceId=46 icpId=52
[REDTEAM] Setup 02-life-coach-minimal: serviceId=47 icpId=53
[REDTEAM] Setup 03-biz-coach-real-price-real-testim: serviceId=48 icpId=54
[REDTEAM] Setup 04-speaker-vague-price-1-testim: serviceId=49 icpId=55
[REDTEAM] Setup 05-consultant-no-price-2-testim: serviceId=50 icpId=56
[REDTEAM] Setup 06-course-low-ticket: serviceId=51 icpId=57
[REDTEAM] Setup 07-mastermind-high-ticket-full: serviceId=52 icpId=58
[REDTEAM] Setup 08-webinar-no-inputs: serviceId=53 icpId=59
[REDTEAM] Setup 09-infoproduct-low-ticket: serviceId=54 icpId=60
[REDTEAM] Setup 10-productivity-low-stakes: serviceId=55 icpId=61
[REDTEAM] Setup 11-sales-coach-15k-no-testim: serviceId=56 icpId=62
[REDTEAM] Setup 12-voice-coach-no-inputs: serviceId=57 icpId=63
[REDTEAM] Setup 13-confidence-vague-price: serviceId=58 icpId=64
[REDTEAM] Setup 14-cohort-testim-no-price: serviceId=59 icpId=65
[REDTEAM] Setup 15-consultant-full-inputs: serviceId=60 icpId=66

[REDTEAM] Phase 2: Generate

[REDTEAM 1/15] 01-exec-coach-no-price-no-testim — generating offer...
[cascade] forNode=offer userId=1 icpId=52 kit=missing selectionsResolved=0/0 contextLength=0 preview=""
[REDTEAM 1/15] offer 32 captured.
[REDTEAM 1/15] 01-exec-coach-no-price-no-testim — generating landing page...
[cascade] forNode=landingPage userId=1 icpId=52 kit=missing selectionsResolved=0/5 contextLength=0 preview=""
[landingPageGenerator] Testimonials fabrication check failed on attempt 1/3 (angle=godfather, 1 hits, top=[programme_duration_drift@testimonial[0].quote]). Retrying with fail-context.
[REDTEAM 1/15] LP 58 captured.

[REDTEAM 2/15] 02-life-coach-minimal — generating offer...
[cascade] forNode=offer userId=1 icpId=53 kit=missing selectionsResolved=0/0 contextLength=0 preview=""
[REDTEAM 2/15] offer 33 captured.
[REDTEAM 2/15] 02-life-coach-minimal — generating landing page...
[cascade] forNode=landingPage userId=1 icpId=53 kit=missing selectionsResolved=0/5 contextLength=0 preview=""
[landingPageGenerator] Testimonials fabrication check failed on attempt 1/3 (angle=godfather, 1 hits, top=[programme_duration_drift@testimonial[3].quote]). Retrying with fail-context.
[landingPageGenerator] Testimonials fabrication check failed on attempt 1/3 (angle=dollar, 1 hits, top=[programme_duration_drift@testimonial[1].quote]). Retrying with fail-context.
[REDTEAM 2/15] LP 59 captured.

[REDTEAM 3/15] 03-biz-coach-real-price-real-testim — generating offer...
[cascade] forNode=offer userId=1 icpId=54 kit=missing selectionsResolved=0/0 contextLength=0 preview=""
[REDTEAM 3/15] offer 34 captured.
[REDTEAM 3/15] 03-biz-coach-real-price-real-testim — generating landing page...
[cascade] forNode=landingPage userId=1 icpId=54 kit=missing selectionsResolved=0/5 contextLength=0 preview=""
[landingPageGenerator] Testimonials fabrication check failed on attempt 1/3 (angle=dollar, 1 hits, top=[programme_duration_drift@testimonial[3].quote]). Retrying with fail-context.
[landingPageGenerator] Testimonials fabrication check failed on attempt 1/3 (angle=godfather, 1 hits, top=[programme_duration_drift@testimonial[3].quote]). Retrying with fail-context.
[REDTEAM 3/15] LP 60 captured.

[REDTEAM 4/15] 04-speaker-vague-price-1-testim — generating offer...
[cascade] forNode=offer userId=1 icpId=55 kit=missing selectionsResolved=0/0 contextLength=0 preview=""
[REDTEAM 4/15] offer 35 captured.
[REDTEAM 4/15] 04-speaker-vague-price-1-testim — generating landing page...
[cascade] forNode=landingPage userId=1 icpId=55 kit=missing selectionsResolved=0/5 contextLength=0 preview=""
[landingPageGenerator] Testimonials fabrication check failed on attempt 1/3 (angle=free, 1 hits, top=[invented_tenure@testimonial[2].quote]). Retrying with fail-context.
[landingPageGenerator] Testimonials fabrication check failed on attempt 1/3 (angle=dollar, 1 hits, top=[invented_tenure@testimonial[1].quote]). Retrying with fail-context.
[REDTEAM 4/15] LP 61 captured.

[REDTEAM 5/15] 05-consultant-no-price-2-testim — generating offer...
[cascade] forNode=offer userId=1 icpId=56 kit=missing selectionsResolved=0/0 contextLength=0 preview=""
[REDTEAM 5/15] offer 36 captured.
[REDTEAM 5/15] 05-consultant-no-price-2-testim — generating landing page...
[cascade] forNode=landingPage userId=1 icpId=56 kit=missing selectionsResolved=0/5 contextLength=0 preview=""
[REDTEAM 5/15] LP 62 captured.

[REDTEAM 6/15] 06-course-low-ticket — generating offer...
[cascade] forNode=offer userId=1 icpId=57 kit=missing selectionsResolved=0/0 contextLength=0 preview=""
[REDTEAM 6/15] offer 37 captured.
[REDTEAM 6/15] 06-course-low-ticket — generating landing page...
[cascade] forNode=landingPage userId=1 icpId=57 kit=missing selectionsResolved=0/5 contextLength=0 preview=""
[REDTEAM 6/15] LP 63 captured.

[REDTEAM 7/15] 07-mastermind-high-ticket-full — generating offer...
[cascade] forNode=offer userId=1 icpId=58 kit=missing selectionsResolved=0/0 contextLength=0 preview=""
[REDTEAM 7/15] offer 38 captured.
[REDTEAM 7/15] 07-mastermind-high-ticket-full — generating landing page...
[cascade] forNode=landingPage userId=1 icpId=58 kit=missing selectionsResolved=0/5 contextLength=0 preview=""
[REDTEAM 7/15] LP 64 captured.

[REDTEAM 8/15] 08-webinar-no-inputs — generating offer...
[cascade] forNode=offer userId=1 icpId=59 kit=missing selectionsResolved=0/0 contextLength=0 preview=""
[REDTEAM 8/15] offer 39 captured.
[REDTEAM 8/15] 08-webinar-no-inputs — generating landing page...
[cascade] forNode=landingPage userId=1 icpId=59 kit=missing selectionsResolved=0/5 contextLength=0 preview=""
[REDTEAM 8/15] LP 65 captured.

[REDTEAM 9/15] 09-infoproduct-low-ticket — generating offer...
[cascade] forNode=offer userId=1 icpId=60 kit=missing selectionsResolved=0/0 contextLength=0 preview=""
[REDTEAM 9/15] offer 40 captured.
[REDTEAM 9/15] 09-infoproduct-low-ticket — generating landing page...
[cascade] forNode=landingPage userId=1 icpId=60 kit=missing selectionsResolved=0/5 contextLength=0 preview=""
[REDTEAM 9/15] LP 66 captured.

[REDTEAM 10/15] 10-productivity-low-stakes — generating offer...
[cascade] forNode=offer userId=1 icpId=61 kit=missing selectionsResolved=0/0 contextLength=0 preview=""
[REDTEAM 10/15] offer 41 captured.
[REDTEAM 10/15] 10-productivity-low-stakes — generating landing page...
[cascade] forNode=landingPage userId=1 icpId=61 kit=missing selectionsResolved=0/5 contextLength=0 preview=""
[REDTEAM 10/15] LP 67 captured.

[REDTEAM 11/15] 11-sales-coach-15k-no-testim — generating offer...
[cascade] forNode=offer userId=1 icpId=62 kit=missing selectionsResolved=0/0 contextLength=0 preview=""
[REDTEAM 11/15] offer 42 captured.
[REDTEAM 11/15] 11-sales-coach-15k-no-testim — generating landing page...
[cascade] forNode=landingPage userId=1 icpId=62 kit=missing selectionsResolved=0/5 contextLength=0 preview=""
[landingPageGenerator] Testimonials fabrication check failed on attempt 1/3 (angle=original, 1 hits, top=[programme_duration_drift@testimonial[0].quote]). Retrying with fail-context.
[REDTEAM 11/15] LP 68 captured.

[REDTEAM 12/15] 12-voice-coach-no-inputs — generating offer...
[cascade] forNode=offer userId=1 icpId=63 kit=missing selectionsResolved=0/0 contextLength=0 preview=""
[REDTEAM 12/15] offer 43 captured.
[REDTEAM 12/15] 12-voice-coach-no-inputs — generating landing page...
[cascade] forNode=landingPage userId=1 icpId=63 kit=missing selectionsResolved=0/5 contextLength=0 preview=""
[landingPageGenerator] Testimonials fabrication check failed on attempt 1/3 (angle=original, 1 hits, top=[invented_tenure@testimonial[0].quote]). Retrying with fail-context.
[landingPageGenerator] Testimonials fabrication check failed on attempt 1/3 (angle=godfather, 1 hits, top=[invented_tenure@testimonial[0].quote]). Retrying with fail-context.
[REDTEAM 12/15] LP 69 captured.

[REDTEAM 13/15] 13-confidence-vague-price — generating offer...
[cascade] forNode=offer userId=1 icpId=64 kit=missing selectionsResolved=0/0 contextLength=0 preview=""
[REDTEAM 13/15] offer 44 captured.
[REDTEAM 13/15] 13-confidence-vague-price — generating landing page...
[cascade] forNode=landingPage userId=1 icpId=64 kit=missing selectionsResolved=0/5 contextLength=0 preview=""
[landingPageGenerator] Testimonials fabrication check failed on attempt 1/3 (angle=free, 1 hits, top=[direct_quoted_speech@testimonial[3].quote]). Retrying with fail-context.
[REDTEAM 13/15] LP 70 captured.

[REDTEAM 14/15] 14-cohort-testim-no-price — generating offer...
[cascade] forNode=offer userId=1 icpId=65 kit=missing selectionsResolved=0/0 contextLength=0 preview=""
[REDTEAM 14/15] offer 45 captured.
[REDTEAM 14/15] 14-cohort-testim-no-price — generating landing page...
[cascade] forNode=landingPage userId=1 icpId=65 kit=missing selectionsResolved=0/5 contextLength=0 preview=""
[REDTEAM 14/15] LP 71 captured.

[REDTEAM 15/15] 15-consultant-full-inputs — generating offer...
[cascade] forNode=offer userId=1 icpId=66 kit=missing selectionsResolved=0/0 contextLength=0 preview=""
[REDTEAM 15/15] offer 46 captured.
[REDTEAM 15/15] 15-consultant-full-inputs — generating landing page...
[cascade] forNode=landingPage userId=1 icpId=66 kit=missing selectionsResolved=0/5 contextLength=0 preview=""
[REDTEAM 15/15] LP 72 captured.

[REDTEAM] Phase 3: Audit

[REDTEAM] Audit complete. Summary written to /tmp/redteam-results.json
Findings by category: {
  fabricated_bonus_value: 124,
  fabricated_total_value: 42,
  fabricated_pricing_currency_amount: 105,
  fabricated_cohort_limit: 6,
  fabricated_next_cohort_date: 40,
  placeholder_leakage: 56,
  fabricated_guarantee_timeframe: 36,
  fabricated_specific_refund_mechanic: 23,
  fabricated_anchor_price_range: 22,
  fabricated_programme_duration: 7,
  lp_testimonial_archetypal_with_location: 1
}

[REDTEAM] Phase 4: Cleanup
[REDTEAM] Cleanup: deleted 15 services, 15 ICPs, and downstream artifacts.
[REDTEAM] Done.
