
[red-team] Harness starting against PRODUCTION environment.
[red-team]   PHASE F γ' scope acknowledged (REDTEAM_WHATSAPP_PHASE=1).
[red-team]   Estimated cost: $40-80 (offer+LP) + $10-30 (WhatsApp phase).
[red-team]   Estimated runtime: 30-60 min (offer+LP) + 60-90 min (WhatsApp).
[red-team]   WhatsApp phase: 15 fixtures × 6 sequence types = 90 base generations.
[red-team]   v3-corrected audit methodology active for WA: token-override in classifier,
[red-team]     full-operator-context cross-check, LB-W5 event-context detector.
[red-team]   Baseline-v1/v2 artifacts (email + offer/LP) NOT mutated.
[red-team]   Temporary DB rows (__REDTEAM__ prefix) created in production;
[red-team]   cleanup runs automatically in finally{} on completion or fatal error.
[red-team]   If interrupted (Ctrl+C / kill), manual cleanup may be required.
[red-team]   See harness file header comment for manual cleanup SQL.

[REDTEAM] Harness loaded. 15 fixtures defined.

[REDTEAM] Phase 1: Setup 
[REDTEAM] Setup 01-exec-coach-no-price-no-testim: serviceId=141 icpId=146
[REDTEAM] Setup 02-life-coach-minimal: serviceId=142 icpId=147
[REDTEAM] Setup 03-biz-coach-real-price-real-testim: serviceId=143 icpId=148
[REDTEAM] Setup 04-speaker-vague-price-1-testim: serviceId=144 icpId=149
[REDTEAM] Setup 05-consultant-no-price-2-testim: serviceId=145 icpId=150
[REDTEAM] Setup 06-course-low-ticket: serviceId=146 icpId=151
[REDTEAM] Setup 07-mastermind-high-ticket-full: serviceId=147 icpId=152
[REDTEAM] Setup 08-webinar-no-inputs: serviceId=148 icpId=153
[REDTEAM] Setup 09-infoproduct-low-ticket: serviceId=149 icpId=154
[REDTEAM] Setup 10-productivity-low-stakes: serviceId=150 icpId=155
[REDTEAM] Setup 11-sales-coach-15k-no-testim: serviceId=151 icpId=156
[REDTEAM] Setup 12-voice-coach-no-inputs: serviceId=152 icpId=157
[REDTEAM] Setup 13-confidence-vague-price: serviceId=153 icpId=158
[REDTEAM] Setup 14-cohort-testim-no-price: serviceId=154 icpId=159
[REDTEAM] Setup 15-consultant-full-inputs: serviceId=155 icpId=160

[REDTEAM] Phase 2: Generate

[REDTEAM 1/15] 01-exec-coach-no-price-no-testim — generating offer...
[cascade] forNode=offer userId=1 icpId=146 kit=missing selectionsResolved=0/0 contextLength=0 preview=""
[REDTEAM 1/15] offer 109 captured.
[REDTEAM 1/15] 01-exec-coach-no-price-no-testim — generating landing page...
[cascade] forNode=landingPage userId=1 icpId=146 kit=missing selectionsResolved=0/5 contextLength=0 preview=""
[landingPageGenerator] Testimonials fabrication check failed on attempt 1/3 (angle=free, 4 hits, top=[archetypal_name_with_location_detail@testimonial[0].name,archetypal_name_with_location_detail@testimonial[1].name,archetypal_name_with_location_detail@testimonial[2].name]). Retrying with fail-context.
[landingPageGenerator] Testimonials fabrication check failed on attempt 1/3 (angle=dollar, 1 hits, top=[invented_tenure@testimonial[0].quote]). Retrying with fail-context.
[landingPageGenerator] Testimonials fabrication check failed on attempt 2/3 (angle=dollar, 4 hits, top=[archetypal_name_with_location_detail@testimonial[0].name,archetypal_name_with_location_detail@testimonial[1].name,archetypal_name_with_location_detail@testimonial[2].name]). Retrying with fail-context.
[REDTEAM 1/15] LP 133 captured.

[REDTEAM 2/15] 02-life-coach-minimal — generating offer...
[cascade] forNode=offer userId=1 icpId=147 kit=missing selectionsResolved=0/0 contextLength=0 preview=""
[REDTEAM 2/15] offer 110 captured.
[REDTEAM 2/15] 02-life-coach-minimal — generating landing page...
[cascade] forNode=landingPage userId=1 icpId=147 kit=missing selectionsResolved=0/5 contextLength=0 preview=""
[REDTEAM 2/15] LP 134 captured.

[REDTEAM 3/15] 03-biz-coach-real-price-real-testim — generating offer...
[cascade] forNode=offer userId=1 icpId=148 kit=missing selectionsResolved=0/0 contextLength=0 preview=""
[offersGenerator] Offer fabrication check failed on attempt 1/3 (angle=godfather, 3 hits, top=[offer_invented_currency@pricing,offer_invented_currency@bonuses,offer_invented_currency@bonuses]). Retrying with fail-context.
[offersGenerator] Offer fabrication check failed on attempt 1/3 (angle=free, 2 hits, top=[offer_invented_currency@bonuses,offer_invented_currency@bonuses]). Retrying with fail-context.
[offersGenerator] Offer fabrication check failed on attempt 1/3 (angle=dollar, 5 hits, top=[offer_invented_currency@pricing,offer_invented_currency@pricing,offer_invented_currency@pricing]). Retrying with fail-context.
[offersGenerator] Offer fabrication check failed on attempt 2/3 (angle=godfather, 4 hits, top=[offer_invented_currency@pricing,offer_invented_currency@pricing,offer_invented_currency@bonuses]). Retrying with fail-context.
[offersGenerator] Offer fabrication check failed on attempt 2/3 (angle=dollar, 4 hits, top=[offer_invented_currency@pricing,offer_invented_currency@pricing,offer_invented_currency@pricing]). Retrying with fail-context.
[offersGenerator] Offer fabrication check exhausted retries on angle=godfather (2 hits remaining, classes=[offer_invented_currency,offer_invented_currency]); returning content as best-effort. Phase D Phase 1.
[offersGenerator]   hit 1: offer_invented_currency @ pricing matched "£8"
[offersGenerator]   hit 2: offer_invented_currency @ pricing matched "£35"
[offersGenerator] Offer fabrication check exhausted retries on angle=dollar (4 hits remaining, classes=[offer_invented_currency,offer_invented_currency,offer_invented_currency,offer_invented_currency]); returning content as best-effort. Phase D Phase 1.
[offersGenerator]   hit 1: offer_invented_currency @ pricing matched "£80"
[offersGenerator]   hit 2: offer_invented_currency @ pricing matched "£200"
[offersGenerator]   hit 3: offer_invented_currency @ pricing matched "£250"
[offersGenerator]   hit 4: offer_invented_currency @ pricing matched "£4,166"
[REDTEAM 3/15] offer 111 captured.
[REDTEAM 3/15] 03-biz-coach-real-price-real-testim — generating landing page...
[cascade] forNode=landingPage userId=1 icpId=148 kit=missing selectionsResolved=0/5 contextLength=0 preview=""
[REDTEAM 3/15] LP 135 captured.

[REDTEAM 4/15] 04-speaker-vague-price-1-testim — generating offer...
[cascade] forNode=offer userId=1 icpId=149 kit=missing selectionsResolved=0/0 contextLength=0 preview=""
[REDTEAM 4/15] offer 112 captured.
[REDTEAM 4/15] 04-speaker-vague-price-1-testim — generating landing page...
[cascade] forNode=landingPage userId=1 icpId=149 kit=missing selectionsResolved=0/5 contextLength=0 preview=""
[landingPageGenerator] Testimonials fabrication check failed on attempt 1/3 (angle=godfather, 1 hits, top=[invented_tenure@testimonial[1].quote]). Retrying with fail-context.
[landingPageGenerator] Testimonials fabrication check failed on attempt 1/3 (angle=free, 1 hits, top=[invented_tenure@testimonial[1].quote]). Retrying with fail-context.
[landingPageGenerator] Testimonials fabrication check failed on attempt 1/3 (angle=dollar, 1 hits, top=[invented_tenure@testimonial[2].quote]). Retrying with fail-context.
[landingPageGenerator] Testimonials fabrication check failed on attempt 1/3 (angle=original, 1 hits, top=[invented_tenure@testimonial[1].quote]). Retrying with fail-context.
[REDTEAM 4/15] LP 136 captured.

[REDTEAM 5/15] 05-consultant-no-price-2-testim — generating offer...
[cascade] forNode=offer userId=1 icpId=150 kit=missing selectionsResolved=0/0 contextLength=0 preview=""
[REDTEAM 5/15] offer 113 captured.
[REDTEAM 5/15] 05-consultant-no-price-2-testim — generating landing page...
[cascade] forNode=landingPage userId=1 icpId=150 kit=missing selectionsResolved=0/5 contextLength=0 preview=""
[landingPageGenerator] Testimonials fabrication check failed on attempt 1/3 (angle=original, 1 hits, top=[programme_duration_drift@testimonial[3].quote]). Retrying with fail-context.
[REDTEAM 5/15] LP 137 captured.

[REDTEAM 6/15] 06-course-low-ticket — generating offer...
[cascade] forNode=offer userId=1 icpId=151 kit=missing selectionsResolved=0/0 contextLength=0 preview=""
[REDTEAM 6/15] offer 114 captured.
[REDTEAM 6/15] 06-course-low-ticket — generating landing page...
[cascade] forNode=landingPage userId=1 icpId=151 kit=missing selectionsResolved=0/5 contextLength=0 preview=""
[REDTEAM 6/15] LP 138 captured.

[REDTEAM 7/15] 07-mastermind-high-ticket-full — generating offer...
[cascade] forNode=offer userId=1 icpId=152 kit=missing selectionsResolved=0/0 contextLength=0 preview=""
[offersGenerator] Offer fabrication check failed on attempt 1/3 (angle=godfather, 2 hits, top=[offer_invented_currency@bonuses,offer_invented_currency@bonuses]). Retrying with fail-context.
[offersGenerator] Offer fabrication check failed on attempt 1/3 (angle=dollar, 8 hits, top=[offer_invented_currency@pricing,offer_invented_currency@pricing,offer_invented_currency@pricing]). Retrying with fail-context.
[offersGenerator] Offer fabrication check failed on attempt 1/3 (angle=free, 5 hits, top=[offer_invented_currency@pricing,offer_invented_currency@bonuses,offer_invented_currency@bonuses]). Retrying with fail-context.
[offersGenerator] Offer fabrication check failed on attempt 2/3 (angle=godfather, 1 hits, top=[offer_invented_currency@bonuses]). Retrying with fail-context.
[offersGenerator] Offer fabrication check failed on attempt 2/3 (angle=dollar, 3 hits, top=[offer_invented_currency@pricing,offer_invented_currency@bonuses,offer_invented_currency@bonuses]). Retrying with fail-context.
[offersGenerator] Offer fabrication check failed on attempt 2/3 (angle=free, 2 hits, top=[offer_invented_currency@bonuses,offer_invented_currency@bonuses]). Retrying with fail-context.
[offersGenerator] Offer fabrication check exhausted retries on angle=godfather (4 hits remaining, classes=[offer_invented_currency,offer_invented_currency,offer_invented_currency,offer_invented_currency]); returning content as best-effort. Phase D Phase 1.
[offersGenerator]   hit 1: offer_invented_currency @ pricing matched "$1.4"
[offersGenerator]   hit 2: offer_invented_currency @ bonuses matched "$10"
[offersGenerator]   hit 3: offer_invented_currency @ bonuses matched "$5"
[offersGenerator]   hit 4: offer_invented_currency @ bonuses matched "$20"
[offersGenerator] Offer fabrication check exhausted retries on angle=dollar (3 hits remaining, classes=[offer_invented_currency,offer_invented_currency,offer_invented_currency]); returning content as best-effort. Phase D Phase 1.
[offersGenerator]   hit 1: offer_invented_currency @ pricing matched "$1.4"
[offersGenerator]   hit 2: offer_invented_currency @ bonuses matched "$5"
[offersGenerator]   hit 3: offer_invented_currency @ bonuses matched "$20"
[offersGenerator] Offer fabrication check exhausted retries on angle=free (1 hits remaining, classes=[offer_invented_currency]); returning content as best-effort. Phase D Phase 1.
[offersGenerator]   hit 1: offer_invented_currency @ bonuses matched "$1.4"
[REDTEAM 7/15] offer 115 captured.
[REDTEAM 7/15] 07-mastermind-high-ticket-full — generating landing page...
[cascade] forNode=landingPage userId=1 icpId=152 kit=missing selectionsResolved=0/5 contextLength=0 preview=""
[REDTEAM 7/15] LP 139 captured.

[REDTEAM 8/15] 08-webinar-no-inputs — generating offer...
[cascade] forNode=offer userId=1 icpId=153 kit=missing selectionsResolved=0/0 contextLength=0 preview=""
[REDTEAM 8/15] offer 116 captured.
[REDTEAM 8/15] 08-webinar-no-inputs — generating landing page...
[cascade] forNode=landingPage userId=1 icpId=153 kit=missing selectionsResolved=0/5 contextLength=0 preview=""
[REDTEAM 8/15] LP 140 captured.

[REDTEAM 9/15] 09-infoproduct-low-ticket — generating offer...
[cascade] forNode=offer userId=1 icpId=154 kit=missing selectionsResolved=0/0 contextLength=0 preview=""
[offersGenerator] Offer fabrication check failed on attempt 1/3 (angle=dollar, 2 hits, top=[offer_invented_currency@pricing,offer_invented_currency@pricing]). Retrying with fail-context.
[offersGenerator] Offer fabrication check failed on attempt 2/3 (angle=dollar, 1 hits, top=[offer_invented_cohort_date@urgency]). Retrying with fail-context.
[offersGenerator] Offer fabrication check exhausted retries on angle=dollar (3 hits remaining, classes=[offer_invented_currency,offer_invented_currency,offer_invented_anchor_range]); returning content as best-effort. Phase D Phase 1.
[offersGenerator]   hit 1: offer_invented_currency @ pricing matched "$500"
[offersGenerator]   hit 2: offer_invented_currency @ pricing matched "$2,000"
[offersGenerator]   hit 3: offer_invented_anchor_range @ pricing matched "$500–$2,000"
[REDTEAM 9/15] offer 117 captured.
[REDTEAM 9/15] 09-infoproduct-low-ticket — generating landing page...
[cascade] forNode=landingPage userId=1 icpId=154 kit=missing selectionsResolved=0/5 contextLength=0 preview=""
[landingPageGenerator] Testimonials fabrication check failed on attempt 1/3 (angle=original, 2 hits, top=[archetypal_name_with_location_detail@testimonial[0].name,archetypal_name_with_location_detail@testimonial[3].name]). Retrying with fail-context.
[REDTEAM 9/15] LP 141 captured.

[REDTEAM 10/15] 10-productivity-low-stakes — generating offer...
[cascade] forNode=offer userId=1 icpId=155 kit=missing selectionsResolved=0/0 contextLength=0 preview=""
[REDTEAM 10/15] offer 118 captured.
[REDTEAM 10/15] 10-productivity-low-stakes — generating landing page...
[cascade] forNode=landingPage userId=1 icpId=155 kit=missing selectionsResolved=0/5 contextLength=0 preview=""
[landingPageGenerator] Testimonials fabrication check failed on attempt 1/3 (angle=dollar, 4 hits, top=[archetypal_name_with_location_detail@testimonial[0].name,archetypal_name_with_location_detail@testimonial[1].name,archetypal_name_with_location_detail@testimonial[2].name]). Retrying with fail-context.
[landingPageGenerator] Testimonials fabrication check failed on attempt 1/3 (angle=original, 1 hits, top=[archetypal_name_with_location_detail@testimonial[0].name]). Retrying with fail-context.
[REDTEAM 10/15] LP 142 captured.

[REDTEAM 11/15] 11-sales-coach-15k-no-testim — generating offer...
[cascade] forNode=offer userId=1 icpId=156 kit=missing selectionsResolved=0/0 contextLength=0 preview=""
[offersGenerator] Offer fabrication check failed on attempt 1/3 (angle=dollar, 2 hits, top=[offer_invented_currency@pricing,offer_invented_currency@bonuses]). Retrying with fail-context.
[offersGenerator] Offer fabrication check failed on attempt 1/3 (angle=free, 5 hits, top=[offer_invented_currency@pricing,offer_invented_currency@pricing,offer_invented_anchor_range@pricing]). Retrying with fail-context.
[offersGenerator] Offer fabrication check failed on attempt 1/3 (angle=godfather, 3 hits, top=[offer_invented_currency@bonuses,offer_invented_currency@bonuses,offer_invented_currency@bonuses]). Retrying with fail-context.
[offersGenerator] Offer fabrication check failed on attempt 2/3 (angle=dollar, 3 hits, top=[offer_invented_currency@pricing,offer_invented_currency@bonuses,offer_invented_currency@bonuses]). Retrying with fail-context.
[offersGenerator] Offer fabrication check failed on attempt 2/3 (angle=free, 2 hits, top=[offer_invented_currency@bonuses,offer_invented_currency@bonuses]). Retrying with fail-context.
[offersGenerator] Offer fabrication check failed on attempt 2/3 (angle=godfather, 2 hits, top=[offer_invented_currency@pricing,offer_invented_currency@bonuses]). Retrying with fail-context.
[offersGenerator] Offer fabrication check exhausted retries on angle=dollar (4 hits remaining, classes=[offer_invented_currency,offer_invented_currency,offer_invented_currency,offer_invented_currency]); returning content as best-effort. Phase D Phase 1.
[offersGenerator]   hit 1: offer_invented_currency @ pricing matched "£50"
[offersGenerator]   hit 2: offer_invented_currency @ pricing matched "£50,000"
[offersGenerator]   hit 3: offer_invented_currency @ bonuses matched "£50"
[offersGenerator]   hit 4: offer_invented_currency @ bonuses matched "£50"
[offersGenerator] Offer fabrication check exhausted retries on angle=godfather (3 hits remaining, classes=[offer_invented_currency,offer_invented_currency,offer_invented_currency]); returning content as best-effort. Phase D Phase 1.
[offersGenerator]   hit 1: offer_invented_currency @ pricing matched "£50"
[offersGenerator]   hit 2: offer_invented_currency @ bonuses matched "£50"
[offersGenerator]   hit 3: offer_invented_currency @ bonuses matched "£50"
[offersGenerator] Offer fabrication check exhausted retries on angle=free (2 hits remaining, classes=[offer_invented_currency,offer_invented_currency]); returning content as best-effort. Phase D Phase 1.
[offersGenerator]   hit 1: offer_invented_currency @ pricing matched "£50"
[offersGenerator]   hit 2: offer_invented_currency @ bonuses matched "£50"
[REDTEAM 11/15] offer 119 captured.
[REDTEAM 11/15] 11-sales-coach-15k-no-testim — generating landing page...
[cascade] forNode=landingPage userId=1 icpId=156 kit=missing selectionsResolved=0/5 contextLength=0 preview=""
[REDTEAM 11/15] LP 143 captured.

[REDTEAM 12/15] 12-voice-coach-no-inputs — generating offer...
[cascade] forNode=offer userId=1 icpId=157 kit=missing selectionsResolved=0/0 contextLength=0 preview=""
[REDTEAM 12/15] offer 120 captured.
[REDTEAM 12/15] 12-voice-coach-no-inputs — generating landing page...
[cascade] forNode=landingPage userId=1 icpId=157 kit=missing selectionsResolved=0/5 contextLength=0 preview=""
[landingPageGenerator] Testimonials fabrication check failed on attempt 1/3 (angle=dollar, 1 hits, top=[invented_tenure@testimonial[0].quote]). Retrying with fail-context.
[landingPageGenerator] Testimonials fabrication check failed on attempt 1/3 (angle=godfather, 1 hits, top=[invented_tenure@testimonial[3].headline]). Retrying with fail-context.
[REDTEAM 12/15] LP 144 captured.

[REDTEAM 13/15] 13-confidence-vague-price — generating offer...
[cascade] forNode=offer userId=1 icpId=158 kit=missing selectionsResolved=0/0 contextLength=0 preview=""
[REDTEAM 13/15] offer 121 captured.
[REDTEAM 13/15] 13-confidence-vague-price — generating landing page...
[cascade] forNode=landingPage userId=1 icpId=158 kit=missing selectionsResolved=0/5 contextLength=0 preview=""
[landingPageGenerator] Testimonials fabrication check failed on attempt 1/3 (angle=godfather, 4 hits, top=[archetypal_name_with_location_detail@testimonial[0].name,archetypal_name_with_location_detail@testimonial[1].name,archetypal_name_with_location_detail@testimonial[2].name]). Retrying with fail-context.
[REDTEAM 13/15] LP 145 captured.

[REDTEAM 14/15] 14-cohort-testim-no-price — generating offer...
[cascade] forNode=offer userId=1 icpId=159 kit=missing selectionsResolved=0/0 contextLength=0 preview=""
[offersGenerator] Offer fabrication check failed on attempt 1/3 (angle=dollar, 1 hits, top=[offer_invented_programme_duration@pricing]). Retrying with fail-context.
[REDTEAM 14/15] offer 122 captured.
[REDTEAM 14/15] 14-cohort-testim-no-price — generating landing page...
[cascade] forNode=landingPage userId=1 icpId=159 kit=missing selectionsResolved=0/5 contextLength=0 preview=""
[REDTEAM 14/15] LP 146 captured.

[REDTEAM 15/15] 15-consultant-full-inputs — generating offer...
[cascade] forNode=offer userId=1 icpId=160 kit=missing selectionsResolved=0/0 contextLength=0 preview=""
[offersGenerator] Offer fabrication check failed on attempt 1/3 (angle=dollar, 2 hits, top=[offer_invented_currency@pricing,offer_invented_currency@pricing]). Retrying with fail-context.
[offersGenerator] Offer fabrication check failed on attempt 1/3 (angle=godfather, 3 hits, top=[offer_invented_currency@pricing,offer_invented_currency@pricing,offer_invented_anchor_range@pricing]). Retrying with fail-context.
[REDTEAM 15/15] offer 123 captured.
[REDTEAM 15/15] 15-consultant-full-inputs — generating landing page...
[cascade] forNode=landingPage userId=1 icpId=160 kit=missing selectionsResolved=0/5 contextLength=0 preview=""
[REDTEAM 15/15] LP 147 captured.

[REDTEAM] Phase 2.6 (γ'): WhatsApp Generation

[REDTEAM whatsapp 1/15] 01-exec-coach-no-price-no-testim — generating engagement...
[cascade] forNode=whatsapp userId=1 icpId=146 kit=found selectionsResolved=1/7 contextLength=254 preview="UPSTREAM CONTEXT — SELECTED ASSETS: Selected landing-page direction: hero headline "You Have The Sub"
[REDTEAM whatsapp 1/15] engagement → whatsappSequenceId=48, 3 messages captured.

[REDTEAM whatsapp 1/15] 01-exec-coach-no-price-no-testim — generating sales...
[cascade] forNode=whatsapp userId=1 icpId=146 kit=found selectionsResolved=1/7 contextLength=254 preview="UPSTREAM CONTEXT — SELECTED ASSETS: Selected landing-page direction: hero headline "You Have The Sub"
[REDTEAM whatsapp 1/15] sales → whatsappSequenceId=49, 3 messages captured.

[REDTEAM whatsapp 1/15] 01-exec-coach-no-price-no-testim — generating nurture...
[cascade] forNode=whatsapp userId=1 icpId=146 kit=found selectionsResolved=1/7 contextLength=254 preview="UPSTREAM CONTEXT — SELECTED ASSETS: Selected landing-page direction: hero headline "You Have The Sub"
[REDTEAM whatsapp 1/15] nurture → whatsappSequenceId=50, 5 messages captured.

[REDTEAM whatsapp 1/15] 01-exec-coach-no-price-no-testim — generating discovery_call_confirmation...
[cascade] forNode=whatsapp userId=1 icpId=146 kit=found selectionsResolved=1/7 contextLength=254 preview="UPSTREAM CONTEXT — SELECTED ASSETS: Selected landing-page direction: hero headline "You Have The Sub"
[REDTEAM whatsapp 1/15] discovery_call_confirmation → whatsappSequenceId=51, 1 messages captured.

[REDTEAM whatsapp 1/15] 01-exec-coach-no-price-no-testim — generating discovery_call_reminder...
[cascade] forNode=whatsapp userId=1 icpId=146 kit=found selectionsResolved=1/7 contextLength=254 preview="UPSTREAM CONTEXT — SELECTED ASSETS: Selected landing-page direction: hero headline "You Have The Sub"
[REDTEAM whatsapp 1/15] discovery_call_reminder → whatsappSequenceId=52, 3 messages captured.

[REDTEAM whatsapp 1/15] 01-exec-coach-no-price-no-testim — generating event_logistics...
[cascade] forNode=whatsapp userId=1 icpId=146 kit=found selectionsResolved=1/7 contextLength=254 preview="UPSTREAM CONTEXT — SELECTED ASSETS: Selected landing-page direction: hero headline "You Have The Sub"
[REDTEAM whatsapp 1/15] event_logistics → whatsappSequenceId=53, 3 messages captured.

[REDTEAM whatsapp 2/15] 02-life-coach-minimal — generating engagement...
[cascade] forNode=whatsapp userId=1 icpId=147 kit=found selectionsResolved=1/7 contextLength=304 preview="UPSTREAM CONTEXT — SELECTED ASSETS: Selected landing-page direction: hero headline "You stopped mid-"
[whatsappSequences] Fabrication-pattern check failed (1 hits), retrying with fail-context. attempt=1/3 stage=fabrication hits=1 top=[programme_duration_drift@message[1]]
[REDTEAM whatsapp 2/15] engagement → whatsappSequenceId=54, 3 messages captured.

[REDTEAM whatsapp 2/15] 02-life-coach-minimal — generating sales...
[cascade] forNode=whatsapp userId=1 icpId=147 kit=found selectionsResolved=1/7 contextLength=304 preview="UPSTREAM CONTEXT — SELECTED ASSETS: Selected landing-page direction: hero headline "You stopped mid-"
[REDTEAM whatsapp 2/15] sales → whatsappSequenceId=55, 3 messages captured.

[REDTEAM whatsapp 2/15] 02-life-coach-minimal — generating nurture...
[cascade] forNode=whatsapp userId=1 icpId=147 kit=found selectionsResolved=1/7 contextLength=304 preview="UPSTREAM CONTEXT — SELECTED ASSETS: Selected landing-page direction: hero headline "You stopped mid-"
[REDTEAM whatsapp 2/15] nurture → whatsappSequenceId=56, 5 messages captured.

[REDTEAM whatsapp 2/15] 02-life-coach-minimal — generating discovery_call_confirmation...
[cascade] forNode=whatsapp userId=1 icpId=147 kit=found selectionsResolved=1/7 contextLength=304 preview="UPSTREAM CONTEXT — SELECTED ASSETS: Selected landing-page direction: hero headline "You stopped mid-"
[REDTEAM whatsapp 2/15] discovery_call_confirmation → whatsappSequenceId=57, 1 messages captured.

[REDTEAM whatsapp 2/15] 02-life-coach-minimal — generating discovery_call_reminder...
[cascade] forNode=whatsapp userId=1 icpId=147 kit=found selectionsResolved=1/7 contextLength=304 preview="UPSTREAM CONTEXT — SELECTED ASSETS: Selected landing-page direction: hero headline "You stopped mid-"
[whatsappSequences] Validator shape check failed, retrying with fail-context. attempt=1/3 stage=shape subCase=messages_string_unrecoverable
[REDTEAM whatsapp 2/15] discovery_call_reminder → whatsappSequenceId=58, 3 messages captured.

[REDTEAM whatsapp 2/15] 02-life-coach-minimal — generating event_logistics...
[cascade] forNode=whatsapp userId=1 icpId=147 kit=found selectionsResolved=1/7 contextLength=304 preview="UPSTREAM CONTEXT — SELECTED ASSETS: Selected landing-page direction: hero headline "You stopped mid-"
[REDTEAM whatsapp 2/15] event_logistics → whatsappSequenceId=59, 3 messages captured.

[REDTEAM whatsapp 3/15] 03-biz-coach-real-price-real-testim — generating engagement...
[cascade] forNode=whatsapp userId=1 icpId=148 kit=found selectionsResolved=1/7 contextLength=346 preview="UPSTREAM CONTEXT — SELECTED ASSETS: Selected landing-page direction: hero headline "You Built a Real"
[REDTEAM whatsapp 3/15] engagement → whatsappSequenceId=60, 3 messages captured.

[REDTEAM whatsapp 3/15] 03-biz-coach-real-price-real-testim — generating sales...
[cascade] forNode=whatsapp userId=1 icpId=148 kit=found selectionsResolved=1/7 contextLength=346 preview="UPSTREAM CONTEXT — SELECTED ASSETS: Selected landing-page direction: hero headline "You Built a Real"
[REDTEAM whatsapp 3/15] sales → whatsappSequenceId=61, 3 messages captured.

[REDTEAM whatsapp 3/15] 03-biz-coach-real-price-real-testim — generating nurture...
[cascade] forNode=whatsapp userId=1 icpId=148 kit=found selectionsResolved=1/7 contextLength=346 preview="UPSTREAM CONTEXT — SELECTED ASSETS: Selected landing-page direction: hero headline "You Built a Real"
[REDTEAM whatsapp 3/15] nurture → whatsappSequenceId=62, 5 messages captured.

[REDTEAM whatsapp 3/15] 03-biz-coach-real-price-real-testim — generating discovery_call_confirmation...
[cascade] forNode=whatsapp userId=1 icpId=148 kit=found selectionsResolved=1/7 contextLength=346 preview="UPSTREAM CONTEXT — SELECTED ASSETS: Selected landing-page direction: hero headline "You Built a Real"
[REDTEAM whatsapp 3/15] discovery_call_confirmation → whatsappSequenceId=63, 1 messages captured.

[REDTEAM whatsapp 3/15] 03-biz-coach-real-price-real-testim — generating discovery_call_reminder...
[cascade] forNode=whatsapp userId=1 icpId=148 kit=found selectionsResolved=1/7 contextLength=346 preview="UPSTREAM CONTEXT — SELECTED ASSETS: Selected landing-page direction: hero headline "You Built a Real"
[REDTEAM whatsapp 3/15] discovery_call_reminder → whatsappSequenceId=64, 3 messages captured.

[REDTEAM whatsapp 3/15] 03-biz-coach-real-price-real-testim — generating event_logistics...
[cascade] forNode=whatsapp userId=1 icpId=148 kit=found selectionsResolved=1/7 contextLength=346 preview="UPSTREAM CONTEXT — SELECTED ASSETS: Selected landing-page direction: hero headline "You Built a Real"
[REDTEAM whatsapp 3/15] event_logistics → whatsappSequenceId=65, 3 messages captured.

[REDTEAM whatsapp 4/15] 04-speaker-vague-price-1-testim — generating engagement...
[cascade] forNode=whatsapp userId=1 icpId=149 kit=found selectionsResolved=1/7 contextLength=283 preview="UPSTREAM CONTEXT — SELECTED ASSETS: Selected landing-page direction: hero headline "What If Your Nex"
[REDTEAM whatsapp 4/15] engagement → whatsappSequenceId=66, 3 messages captured.

[REDTEAM whatsapp 4/15] 04-speaker-vague-price-1-testim — generating sales...
[cascade] forNode=whatsapp userId=1 icpId=149 kit=found selectionsResolved=1/7 contextLength=283 preview="UPSTREAM CONTEXT — SELECTED ASSETS: Selected landing-page direction: hero headline "What If Your Nex"
[REDTEAM whatsapp 4/15] sales → whatsappSequenceId=67, 3 messages captured.

[REDTEAM whatsapp 4/15] 04-speaker-vague-price-1-testim — generating nurture...
[cascade] forNode=whatsapp userId=1 icpId=149 kit=found selectionsResolved=1/7 contextLength=283 preview="UPSTREAM CONTEXT — SELECTED ASSETS: Selected landing-page direction: hero headline "What If Your Nex"
[REDTEAM whatsapp 4/15] nurture → whatsappSequenceId=68, 5 messages captured.

[REDTEAM whatsapp 4/15] 04-speaker-vague-price-1-testim — generating discovery_call_confirmation...
[cascade] forNode=whatsapp userId=1 icpId=149 kit=found selectionsResolved=1/7 contextLength=283 preview="UPSTREAM CONTEXT — SELECTED ASSETS: Selected landing-page direction: hero headline "What If Your Nex"
[REDTEAM whatsapp 4/15] discovery_call_confirmation → whatsappSequenceId=69, 1 messages captured.

[REDTEAM whatsapp 4/15] 04-speaker-vague-price-1-testim — generating discovery_call_reminder...
[cascade] forNode=whatsapp userId=1 icpId=149 kit=found selectionsResolved=1/7 contextLength=283 preview="UPSTREAM CONTEXT — SELECTED ASSETS: Selected landing-page direction: hero headline "What If Your Nex"
[REDTEAM whatsapp 4/15] discovery_call_reminder → whatsappSequenceId=70, 3 messages captured.

[REDTEAM whatsapp 4/15] 04-speaker-vague-price-1-testim — generating event_logistics...
[cascade] forNode=whatsapp userId=1 icpId=149 kit=found selectionsResolved=1/7 contextLength=283 preview="UPSTREAM CONTEXT — SELECTED ASSETS: Selected landing-page direction: hero headline "What If Your Nex"
[REDTEAM whatsapp 4/15] event_logistics → whatsappSequenceId=71, 3 messages captured.

[REDTEAM whatsapp 5/15] 05-consultant-no-price-2-testim — generating engagement...
[cascade] forNode=whatsapp userId=1 icpId=150 kit=found selectionsResolved=1/7 contextLength=366 preview="UPSTREAM CONTEXT — SELECTED ASSETS: Selected landing-page direction: hero headline "When Your Compan"
[REDTEAM whatsapp 5/15] engagement → whatsappSequenceId=72, 3 messages captured.

[REDTEAM whatsapp 5/15] 05-consultant-no-price-2-testim — generating sales...
[cascade] forNode=whatsapp userId=1 icpId=150 kit=found selectionsResolved=1/7 contextLength=366 preview="UPSTREAM CONTEXT — SELECTED ASSETS: Selected landing-page direction: hero headline "When Your Compan"
[whatsappSequences] Fabrication-pattern check failed (1 hits), retrying with fail-context. attempt=1/3 stage=fabrication hits=1 top=[employer_specifics@message[0]]
[REDTEAM whatsapp 5/15] sales → whatsappSequenceId=73, 3 messages captured.

[REDTEAM whatsapp 5/15] 05-consultant-no-price-2-testim — generating nurture...
[cascade] forNode=whatsapp userId=1 icpId=150 kit=found selectionsResolved=1/7 contextLength=366 preview="UPSTREAM CONTEXT — SELECTED ASSETS: Selected landing-page direction: hero headline "When Your Compan"
[whatsappSequences] Fabrication-pattern check failed (1 hits), retrying with fail-context. attempt=1/3 stage=fabrication hits=1 top=[employer_specifics@message[3]]
[whatsappSequences] Fabrication-pattern check failed (1 hits), retrying with fail-context. attempt=2/3 stage=fabrication hits=1 top=[direct_quoted_speech@message[3]]
[whatsappSequences] Fabrication-pattern check exhausted retries (1 hits remaining, classes=[employer_specifics]); returning content as best-effort. Sprint B+1 path d Phase 2.
[whatsappSequences]   hit 1: employer_specifics @ message[4] matched "at a Series B"
[REDTEAM whatsapp 5/15] nurture → whatsappSequenceId=74, 5 messages captured.

[REDTEAM whatsapp 5/15] 05-consultant-no-price-2-testim — generating discovery_call_confirmation...
[cascade] forNode=whatsapp userId=1 icpId=150 kit=found selectionsResolved=1/7 contextLength=366 preview="UPSTREAM CONTEXT — SELECTED ASSETS: Selected landing-page direction: hero headline "When Your Compan"
[REDTEAM whatsapp 5/15] discovery_call_confirmation → whatsappSequenceId=75, 1 messages captured.

[REDTEAM whatsapp 5/15] 05-consultant-no-price-2-testim — generating discovery_call_reminder...
[cascade] forNode=whatsapp userId=1 icpId=150 kit=found selectionsResolved=1/7 contextLength=366 preview="UPSTREAM CONTEXT — SELECTED ASSETS: Selected landing-page direction: hero headline "When Your Compan"
[REDTEAM whatsapp 5/15] discovery_call_reminder → whatsappSequenceId=76, 3 messages captured.

[REDTEAM whatsapp 5/15] 05-consultant-no-price-2-testim — generating event_logistics...
[cascade] forNode=whatsapp userId=1 icpId=150 kit=found selectionsResolved=1/7 contextLength=366 preview="UPSTREAM CONTEXT — SELECTED ASSETS: Selected landing-page direction: hero headline "When Your Compan"
[REDTEAM whatsapp 5/15] event_logistics → whatsappSequenceId=77, 3 messages captured.

[REDTEAM whatsapp 6/15] 06-course-low-ticket — generating engagement...
[cascade] forNode=whatsapp userId=1 icpId=151 kit=found selectionsResolved=1/7 contextLength=324 preview="UPSTREAM CONTEXT — SELECTED ASSETS: Selected landing-page direction: hero headline "How Solo Founder"
[whatsappSequences] Validator shape check failed, retrying with fail-context. attempt=1/3 stage=shape subCase=messages_string_unrecoverable
[REDTEAM whatsapp 6/15] engagement → whatsappSequenceId=78, 3 messages captured.

[REDTEAM whatsapp 6/15] 06-course-low-ticket — generating sales...
[cascade] forNode=whatsapp userId=1 icpId=151 kit=found selectionsResolved=1/7 contextLength=324 preview="UPSTREAM CONTEXT — SELECTED ASSETS: Selected landing-page direction: hero headline "How Solo Founder"
[REDTEAM whatsapp 6/15] sales → whatsappSequenceId=79, 3 messages captured.

[REDTEAM whatsapp 6/15] 06-course-low-ticket — generating nurture...
[cascade] forNode=whatsapp userId=1 icpId=151 kit=found selectionsResolved=1/7 contextLength=324 preview="UPSTREAM CONTEXT — SELECTED ASSETS: Selected landing-page direction: hero headline "How Solo Founder"
[REDTEAM whatsapp 6/15] nurture → whatsappSequenceId=80, 5 messages captured.

[REDTEAM whatsapp 6/15] 06-course-low-ticket — generating discovery_call_confirmation...
[cascade] forNode=whatsapp userId=1 icpId=151 kit=found selectionsResolved=1/7 contextLength=324 preview="UPSTREAM CONTEXT — SELECTED ASSETS: Selected landing-page direction: hero headline "How Solo Founder"
[REDTEAM whatsapp 6/15] discovery_call_confirmation → whatsappSequenceId=81, 1 messages captured.

[REDTEAM whatsapp 6/15] 06-course-low-ticket — generating discovery_call_reminder...
[cascade] forNode=whatsapp userId=1 icpId=151 kit=found selectionsResolved=1/7 contextLength=324 preview="UPSTREAM CONTEXT — SELECTED ASSETS: Selected landing-page direction: hero headline "How Solo Founder"
[REDTEAM whatsapp 6/15] discovery_call_reminder → whatsappSequenceId=82, 3 messages captured.

[REDTEAM whatsapp 6/15] 06-course-low-ticket — generating event_logistics...
[cascade] forNode=whatsapp userId=1 icpId=151 kit=found selectionsResolved=1/7 contextLength=324 preview="UPSTREAM CONTEXT — SELECTED ASSETS: Selected landing-page direction: hero headline "How Solo Founder"
[REDTEAM whatsapp 6/15] event_logistics → whatsappSequenceId=83, 3 messages captured.

[REDTEAM whatsapp 7/15] 07-mastermind-high-ticket-full — generating engagement...
[cascade] forNode=whatsapp userId=1 icpId=152 kit=found selectionsResolved=1/7 contextLength=265 preview="UPSTREAM CONTEXT — SELECTED ASSETS: Selected landing-page direction: hero headline "The Private Peer"
[REDTEAM whatsapp 7/15] engagement → whatsappSequenceId=84, 3 messages captured.

[REDTEAM whatsapp 7/15] 07-mastermind-high-ticket-full — generating sales...
[cascade] forNode=whatsapp userId=1 icpId=152 kit=found selectionsResolved=1/7 contextLength=265 preview="UPSTREAM CONTEXT — SELECTED ASSETS: Selected landing-page direction: hero headline "The Private Peer"
[REDTEAM whatsapp 7/15] sales → whatsappSequenceId=85, 3 messages captured.

[REDTEAM whatsapp 7/15] 07-mastermind-high-ticket-full — generating nurture...
[cascade] forNode=whatsapp userId=1 icpId=152 kit=found selectionsResolved=1/7 contextLength=265 preview="UPSTREAM CONTEXT — SELECTED ASSETS: Selected landing-page direction: hero headline "The Private Peer"
[REDTEAM whatsapp 7/15] nurture → whatsappSequenceId=86, 5 messages captured.

[REDTEAM whatsapp 7/15] 07-mastermind-high-ticket-full — generating discovery_call_confirmation...
[cascade] forNode=whatsapp userId=1 icpId=152 kit=found selectionsResolved=1/7 contextLength=265 preview="UPSTREAM CONTEXT — SELECTED ASSETS: Selected landing-page direction: hero headline "The Private Peer"
[REDTEAM whatsapp 7/15] discovery_call_confirmation → whatsappSequenceId=87, 1 messages captured.

[REDTEAM whatsapp 7/15] 07-mastermind-high-ticket-full — generating discovery_call_reminder...
[cascade] forNode=whatsapp userId=1 icpId=152 kit=found selectionsResolved=1/7 contextLength=265 preview="UPSTREAM CONTEXT — SELECTED ASSETS: Selected landing-page direction: hero headline "The Private Peer"
[REDTEAM whatsapp 7/15] discovery_call_reminder → whatsappSequenceId=88, 3 messages captured.

[REDTEAM whatsapp 7/15] 07-mastermind-high-ticket-full — generating event_logistics...
[cascade] forNode=whatsapp userId=1 icpId=152 kit=found selectionsResolved=1/7 contextLength=265 preview="UPSTREAM CONTEXT — SELECTED ASSETS: Selected landing-page direction: hero headline "The Private Peer"
[REDTEAM whatsapp 7/15] event_logistics → whatsappSequenceId=89, 3 messages captured.

[REDTEAM whatsapp 8/15] 08-webinar-no-inputs — generating engagement...
[cascade] forNode=whatsapp userId=1 icpId=153 kit=found selectionsResolved=1/7 contextLength=271 preview="UPSTREAM CONTEXT — SELECTED ASSETS: Selected landing-page direction: hero headline "You Can Get Peop"
[REDTEAM whatsapp 8/15] engagement → whatsappSequenceId=90, 3 messages captured.

[REDTEAM whatsapp 8/15] 08-webinar-no-inputs — generating sales...
[cascade] forNode=whatsapp userId=1 icpId=153 kit=found selectionsResolved=1/7 contextLength=271 preview="UPSTREAM CONTEXT — SELECTED ASSETS: Selected landing-page direction: hero headline "You Can Get Peop"
[REDTEAM whatsapp 8/15] sales → whatsappSequenceId=91, 3 messages captured.

[REDTEAM whatsapp 8/15] 08-webinar-no-inputs — generating nurture...
[cascade] forNode=whatsapp userId=1 icpId=153 kit=found selectionsResolved=1/7 contextLength=271 preview="UPSTREAM CONTEXT — SELECTED ASSETS: Selected landing-page direction: hero headline "You Can Get Peop"
[REDTEAM whatsapp 8/15] nurture → whatsappSequenceId=92, 5 messages captured.

[REDTEAM whatsapp 8/15] 08-webinar-no-inputs — generating discovery_call_confirmation...
[cascade] forNode=whatsapp userId=1 icpId=153 kit=found selectionsResolved=1/7 contextLength=271 preview="UPSTREAM CONTEXT — SELECTED ASSETS: Selected landing-page direction: hero headline "You Can Get Peop"
[REDTEAM whatsapp 8/15] discovery_call_confirmation → whatsappSequenceId=93, 1 messages captured.

[REDTEAM whatsapp 8/15] 08-webinar-no-inputs — generating discovery_call_reminder...
[cascade] forNode=whatsapp userId=1 icpId=153 kit=found selectionsResolved=1/7 contextLength=271 preview="UPSTREAM CONTEXT — SELECTED ASSETS: Selected landing-page direction: hero headline "You Can Get Peop"
[REDTEAM whatsapp 8/15] discovery_call_reminder → whatsappSequenceId=94, 3 messages captured.

[REDTEAM whatsapp 8/15] 08-webinar-no-inputs — generating event_logistics...
[cascade] forNode=whatsapp userId=1 icpId=153 kit=found selectionsResolved=1/7 contextLength=271 preview="UPSTREAM CONTEXT — SELECTED ASSETS: Selected landing-page direction: hero headline "You Can Get Peop"
[REDTEAM whatsapp 8/15] event_logistics → whatsappSequenceId=95, 3 messages captured.

[REDTEAM whatsapp 9/15] 09-infoproduct-low-ticket — generating engagement...
[cascade] forNode=whatsapp userId=1 icpId=154 kit=found selectionsResolved=1/7 contextLength=282 preview="UPSTREAM CONTEXT — SELECTED ASSETS: Selected landing-page direction: hero headline "You stopped mid-"
[REDTEAM whatsapp 9/15] engagement → whatsappSequenceId=96, 3 messages captured.

[REDTEAM whatsapp 9/15] 09-infoproduct-low-ticket — generating sales...
[cascade] forNode=whatsapp userId=1 icpId=154 kit=found selectionsResolved=1/7 contextLength=282 preview="UPSTREAM CONTEXT — SELECTED ASSETS: Selected landing-page direction: hero headline "You stopped mid-"
[REDTEAM whatsapp 9/15] sales → whatsappSequenceId=97, 3 messages captured.

[REDTEAM whatsapp 9/15] 09-infoproduct-low-ticket — generating nurture...
[cascade] forNode=whatsapp userId=1 icpId=154 kit=found selectionsResolved=1/7 contextLength=282 preview="UPSTREAM CONTEXT — SELECTED ASSETS: Selected landing-page direction: hero headline "You stopped mid-"
[REDTEAM whatsapp 9/15] nurture → whatsappSequenceId=98, 5 messages captured.

[REDTEAM whatsapp 9/15] 09-infoproduct-low-ticket — generating discovery_call_confirmation...
[cascade] forNode=whatsapp userId=1 icpId=154 kit=found selectionsResolved=1/7 contextLength=282 preview="UPSTREAM CONTEXT — SELECTED ASSETS: Selected landing-page direction: hero headline "You stopped mid-"
[REDTEAM whatsapp 9/15] discovery_call_confirmation → whatsappSequenceId=99, 1 messages captured.

[REDTEAM whatsapp 9/15] 09-infoproduct-low-ticket — generating discovery_call_reminder...
[cascade] forNode=whatsapp userId=1 icpId=154 kit=found selectionsResolved=1/7 contextLength=282 preview="UPSTREAM CONTEXT — SELECTED ASSETS: Selected landing-page direction: hero headline "You stopped mid-"
[REDTEAM whatsapp 9/15] discovery_call_reminder → whatsappSequenceId=100, 3 messages captured.

[REDTEAM whatsapp 9/15] 09-infoproduct-low-ticket — generating event_logistics...
[cascade] forNode=whatsapp userId=1 icpId=154 kit=found selectionsResolved=1/7 contextLength=282 preview="UPSTREAM CONTEXT — SELECTED ASSETS: Selected landing-page direction: hero headline "You stopped mid-"
[REDTEAM whatsapp 9/15] event_logistics → whatsappSequenceId=101, 3 messages captured.

[REDTEAM whatsapp 10/15] 10-productivity-low-stakes — generating engagement...
[cascade] forNode=whatsapp userId=1 icpId=155 kit=found selectionsResolved=1/7 contextLength=297 preview="UPSTREAM CONTEXT — SELECTED ASSETS: Selected landing-page direction: hero headline "You Ship Less Th"
[REDTEAM whatsapp 10/15] engagement → whatsappSequenceId=102, 3 messages captured.

[REDTEAM whatsapp 10/15] 10-productivity-low-stakes — generating sales...
[cascade] forNode=whatsapp userId=1 icpId=155 kit=found selectionsResolved=1/7 contextLength=297 preview="UPSTREAM CONTEXT — SELECTED ASSETS: Selected landing-page direction: hero headline "You Ship Less Th"
[REDTEAM whatsapp 10/15] sales → whatsappSequenceId=103, 3 messages captured.

[REDTEAM whatsapp 10/15] 10-productivity-low-stakes — generating nurture...
[cascade] forNode=whatsapp userId=1 icpId=155 kit=found selectionsResolved=1/7 contextLength=297 preview="UPSTREAM CONTEXT — SELECTED ASSETS: Selected landing-page direction: hero headline "You Ship Less Th"
[REDTEAM whatsapp 10/15] nurture → whatsappSequenceId=104, 5 messages captured.

[REDTEAM whatsapp 10/15] 10-productivity-low-stakes — generating discovery_call_confirmation...
[cascade] forNode=whatsapp userId=1 icpId=155 kit=found selectionsResolved=1/7 contextLength=297 preview="UPSTREAM CONTEXT — SELECTED ASSETS: Selected landing-page direction: hero headline "You Ship Less Th"
[REDTEAM whatsapp 10/15] discovery_call_confirmation → whatsappSequenceId=105, 1 messages captured.

[REDTEAM whatsapp 10/15] 10-productivity-low-stakes — generating discovery_call_reminder...
[cascade] forNode=whatsapp userId=1 icpId=155 kit=found selectionsResolved=1/7 contextLength=297 preview="UPSTREAM CONTEXT — SELECTED ASSETS: Selected landing-page direction: hero headline "You Ship Less Th"
[REDTEAM whatsapp 10/15] discovery_call_reminder → whatsappSequenceId=106, 3 messages captured.

[REDTEAM whatsapp 10/15] 10-productivity-low-stakes — generating event_logistics...
[cascade] forNode=whatsapp userId=1 icpId=155 kit=found selectionsResolved=1/7 contextLength=297 preview="UPSTREAM CONTEXT — SELECTED ASSETS: Selected landing-page direction: hero headline "You Ship Less Th"
[REDTEAM whatsapp 10/15] event_logistics → whatsappSequenceId=107, 3 messages captured.

[REDTEAM whatsapp 11/15] 11-sales-coach-15k-no-testim — generating engagement...
[cascade] forNode=whatsapp userId=1 icpId=156 kit=found selectionsResolved=1/7 contextLength=290 preview="UPSTREAM CONTEXT — SELECTED ASSETS: Selected landing-page direction: hero headline "You Are Brillian"
[REDTEAM whatsapp 11/15] engagement → whatsappSequenceId=108, 3 messages captured.

[REDTEAM whatsapp 11/15] 11-sales-coach-15k-no-testim — generating sales...
[cascade] forNode=whatsapp userId=1 icpId=156 kit=found selectionsResolved=1/7 contextLength=290 preview="UPSTREAM CONTEXT — SELECTED ASSETS: Selected landing-page direction: hero headline "You Are Brillian"
[REDTEAM whatsapp 11/15] sales → whatsappSequenceId=109, 3 messages captured.

[REDTEAM whatsapp 11/15] 11-sales-coach-15k-no-testim — generating nurture...
[cascade] forNode=whatsapp userId=1 icpId=156 kit=found selectionsResolved=1/7 contextLength=290 preview="UPSTREAM CONTEXT — SELECTED ASSETS: Selected landing-page direction: hero headline "You Are Brillian"
[REDTEAM whatsapp 11/15] nurture → whatsappSequenceId=110, 5 messages captured.

[REDTEAM whatsapp 11/15] 11-sales-coach-15k-no-testim — generating discovery_call_confirmation...
[cascade] forNode=whatsapp userId=1 icpId=156 kit=found selectionsResolved=1/7 contextLength=290 preview="UPSTREAM CONTEXT — SELECTED ASSETS: Selected landing-page direction: hero headline "You Are Brillian"
[REDTEAM whatsapp 11/15] discovery_call_confirmation → whatsappSequenceId=111, 1 messages captured.

[REDTEAM whatsapp 11/15] 11-sales-coach-15k-no-testim — generating discovery_call_reminder...
[cascade] forNode=whatsapp userId=1 icpId=156 kit=found selectionsResolved=1/7 contextLength=290 preview="UPSTREAM CONTEXT — SELECTED ASSETS: Selected landing-page direction: hero headline "You Are Brillian"
[REDTEAM whatsapp 11/15] discovery_call_reminder → whatsappSequenceId=112, 3 messages captured.

[REDTEAM whatsapp 11/15] 11-sales-coach-15k-no-testim — generating event_logistics...
[cascade] forNode=whatsapp userId=1 icpId=156 kit=found selectionsResolved=1/7 contextLength=290 preview="UPSTREAM CONTEXT — SELECTED ASSETS: Selected landing-page direction: hero headline "You Are Brillian"
[REDTEAM whatsapp 11/15] event_logistics → whatsappSequenceId=113, 3 messages captured.

[REDTEAM whatsapp 12/15] 12-voice-coach-no-inputs — generating engagement...
[cascade] forNode=whatsapp userId=1 icpId=157 kit=found selectionsResolved=1/7 contextLength=262 preview="UPSTREAM CONTEXT — SELECTED ASSETS: Selected landing-page direction: hero headline "You Have Spent T"
[REDTEAM whatsapp 12/15] engagement → whatsappSequenceId=114, 3 messages captured.

[REDTEAM whatsapp 12/15] 12-voice-coach-no-inputs — generating sales...
[cascade] forNode=whatsapp userId=1 icpId=157 kit=found selectionsResolved=1/7 contextLength=262 preview="UPSTREAM CONTEXT — SELECTED ASSETS: Selected landing-page direction: hero headline "You Have Spent T"
[REDTEAM whatsapp 12/15] sales → whatsappSequenceId=115, 3 messages captured.

[REDTEAM whatsapp 12/15] 12-voice-coach-no-inputs — generating nurture...
[cascade] forNode=whatsapp userId=1 icpId=157 kit=found selectionsResolved=1/7 contextLength=262 preview="UPSTREAM CONTEXT — SELECTED ASSETS: Selected landing-page direction: hero headline "You Have Spent T"
[REDTEAM whatsapp 12/15] nurture → whatsappSequenceId=116, 5 messages captured.

[REDTEAM whatsapp 12/15] 12-voice-coach-no-inputs — generating discovery_call_confirmation...
[cascade] forNode=whatsapp userId=1 icpId=157 kit=found selectionsResolved=1/7 contextLength=262 preview="UPSTREAM CONTEXT — SELECTED ASSETS: Selected landing-page direction: hero headline "You Have Spent T"
[REDTEAM whatsapp 12/15] discovery_call_confirmation → whatsappSequenceId=117, 1 messages captured.

[REDTEAM whatsapp 12/15] 12-voice-coach-no-inputs — generating discovery_call_reminder...
[cascade] forNode=whatsapp userId=1 icpId=157 kit=found selectionsResolved=1/7 contextLength=262 preview="UPSTREAM CONTEXT — SELECTED ASSETS: Selected landing-page direction: hero headline "You Have Spent T"
[REDTEAM whatsapp 12/15] discovery_call_reminder → whatsappSequenceId=118, 3 messages captured.

[REDTEAM whatsapp 12/15] 12-voice-coach-no-inputs — generating event_logistics...
[cascade] forNode=whatsapp userId=1 icpId=157 kit=found selectionsResolved=1/7 contextLength=262 preview="UPSTREAM CONTEXT — SELECTED ASSETS: Selected landing-page direction: hero headline "You Have Spent T"
[REDTEAM whatsapp 12/15] event_logistics → whatsappSequenceId=119, 3 messages captured.

[REDTEAM whatsapp 13/15] 13-confidence-vague-price — generating engagement...
[cascade] forNode=whatsapp userId=1 icpId=158 kit=found selectionsResolved=1/7 contextLength=361 preview="UPSTREAM CONTEXT — SELECTED ASSETS: Selected landing-page direction: hero headline "You have spent 2"
[whatsappSequences] Fabrication-pattern check failed (1 hits), retrying with fail-context. attempt=1/3 stage=fabrication hits=1 top=[programme_duration_drift@message[1]]
[REDTEAM whatsapp 13/15] engagement → whatsappSequenceId=120, 3 messages captured.

[REDTEAM whatsapp 13/15] 13-confidence-vague-price — generating sales...
[cascade] forNode=whatsapp userId=1 icpId=158 kit=found selectionsResolved=1/7 contextLength=361 preview="UPSTREAM CONTEXT — SELECTED ASSETS: Selected landing-page direction: hero headline "You have spent 2"
[REDTEAM whatsapp 13/15] sales → whatsappSequenceId=121, 3 messages captured.

[REDTEAM whatsapp 13/15] 13-confidence-vague-price — generating nurture...
[cascade] forNode=whatsapp userId=1 icpId=158 kit=found selectionsResolved=1/7 contextLength=361 preview="UPSTREAM CONTEXT — SELECTED ASSETS: Selected landing-page direction: hero headline "You have spent 2"
[REDTEAM whatsapp 13/15] nurture → whatsappSequenceId=122, 5 messages captured.

[REDTEAM whatsapp 13/15] 13-confidence-vague-price — generating discovery_call_confirmation...
[cascade] forNode=whatsapp userId=1 icpId=158 kit=found selectionsResolved=1/7 contextLength=361 preview="UPSTREAM CONTEXT — SELECTED ASSETS: Selected landing-page direction: hero headline "You have spent 2"
[REDTEAM whatsapp 13/15] discovery_call_confirmation → whatsappSequenceId=123, 1 messages captured.

[REDTEAM whatsapp 13/15] 13-confidence-vague-price — generating discovery_call_reminder...
[cascade] forNode=whatsapp userId=1 icpId=158 kit=found selectionsResolved=1/7 contextLength=361 preview="UPSTREAM CONTEXT — SELECTED ASSETS: Selected landing-page direction: hero headline "You have spent 2"
[REDTEAM whatsapp 13/15] discovery_call_reminder → whatsappSequenceId=124, 3 messages captured.

[REDTEAM whatsapp 13/15] 13-confidence-vague-price — generating event_logistics...
[cascade] forNode=whatsapp userId=1 icpId=158 kit=found selectionsResolved=1/7 contextLength=361 preview="UPSTREAM CONTEXT — SELECTED ASSETS: Selected landing-page direction: hero headline "You have spent 2"
[REDTEAM whatsapp 13/15] event_logistics → whatsappSequenceId=125, 3 messages captured.

[REDTEAM whatsapp 14/15] 14-cohort-testim-no-price — generating engagement...
[cascade] forNode=whatsapp userId=1 icpId=159 kit=found selectionsResolved=1/7 contextLength=267 preview="UPSTREAM CONTEXT — SELECTED ASSETS: Selected landing-page direction: hero headline "You Got Promoted"
[whatsappSequences] Fabrication-pattern check failed (1 hits), retrying with fail-context. attempt=1/3 stage=fabrication hits=1 top=[employer_specifics@message[1]]
[REDTEAM whatsapp 14/15] engagement → whatsappSequenceId=126, 3 messages captured.

[REDTEAM whatsapp 14/15] 14-cohort-testim-no-price — generating sales...
[cascade] forNode=whatsapp userId=1 icpId=159 kit=found selectionsResolved=1/7 contextLength=267 preview="UPSTREAM CONTEXT — SELECTED ASSETS: Selected landing-page direction: hero headline "You Got Promoted"
[REDTEAM whatsapp 14/15] sales → whatsappSequenceId=127, 3 messages captured.

[REDTEAM whatsapp 14/15] 14-cohort-testim-no-price — generating nurture...
[cascade] forNode=whatsapp userId=1 icpId=159 kit=found selectionsResolved=1/7 contextLength=267 preview="UPSTREAM CONTEXT — SELECTED ASSETS: Selected landing-page direction: hero headline "You Got Promoted"
[whatsappSequences] Fabrication-pattern check failed (1 hits), retrying with fail-context. attempt=1/3 stage=fabrication hits=1 top=[invented_tenure@message[1]]
[REDTEAM whatsapp 14/15] nurture → whatsappSequenceId=128, 5 messages captured.

[REDTEAM whatsapp 14/15] 14-cohort-testim-no-price — generating discovery_call_confirmation...
[cascade] forNode=whatsapp userId=1 icpId=159 kit=found selectionsResolved=1/7 contextLength=267 preview="UPSTREAM CONTEXT — SELECTED ASSETS: Selected landing-page direction: hero headline "You Got Promoted"
[REDTEAM whatsapp 14/15] discovery_call_confirmation → whatsappSequenceId=129, 1 messages captured.

[REDTEAM whatsapp 14/15] 14-cohort-testim-no-price — generating discovery_call_reminder...
[cascade] forNode=whatsapp userId=1 icpId=159 kit=found selectionsResolved=1/7 contextLength=267 preview="UPSTREAM CONTEXT — SELECTED ASSETS: Selected landing-page direction: hero headline "You Got Promoted"
[REDTEAM whatsapp 14/15] discovery_call_reminder → whatsappSequenceId=130, 3 messages captured.

[REDTEAM whatsapp 14/15] 14-cohort-testim-no-price — generating event_logistics...
[cascade] forNode=whatsapp userId=1 icpId=159 kit=found selectionsResolved=1/7 contextLength=267 preview="UPSTREAM CONTEXT — SELECTED ASSETS: Selected landing-page direction: hero headline "You Got Promoted"
[REDTEAM whatsapp 14/15] event_logistics → whatsappSequenceId=131, 3 messages captured.

[REDTEAM whatsapp 15/15] 15-consultant-full-inputs — generating engagement...
[cascade] forNode=whatsapp userId=1 icpId=160 kit=found selectionsResolved=1/7 contextLength=268 preview="UPSTREAM CONTEXT — SELECTED ASSETS: Selected landing-page direction: hero headline "Your Homepage, P"
[REDTEAM whatsapp 15/15] engagement → whatsappSequenceId=132, 3 messages captured.

[REDTEAM whatsapp 15/15] 15-consultant-full-inputs — generating sales...
[cascade] forNode=whatsapp userId=1 icpId=160 kit=found selectionsResolved=1/7 contextLength=268 preview="UPSTREAM CONTEXT — SELECTED ASSETS: Selected landing-page direction: hero headline "Your Homepage, P"
[REDTEAM whatsapp 15/15] sales → whatsappSequenceId=133, 3 messages captured.

[REDTEAM whatsapp 15/15] 15-consultant-full-inputs — generating nurture...
[cascade] forNode=whatsapp userId=1 icpId=160 kit=found selectionsResolved=1/7 contextLength=268 preview="UPSTREAM CONTEXT — SELECTED ASSETS: Selected landing-page direction: hero headline "Your Homepage, P"
[REDTEAM whatsapp 15/15] nurture → whatsappSequenceId=134, 5 messages captured.

[REDTEAM whatsapp 15/15] 15-consultant-full-inputs — generating discovery_call_confirmation...
[cascade] forNode=whatsapp userId=1 icpId=160 kit=found selectionsResolved=1/7 contextLength=268 preview="UPSTREAM CONTEXT — SELECTED ASSETS: Selected landing-page direction: hero headline "Your Homepage, P"
[REDTEAM whatsapp 15/15] discovery_call_confirmation → whatsappSequenceId=135, 1 messages captured.

[REDTEAM whatsapp 15/15] 15-consultant-full-inputs — generating discovery_call_reminder...
[cascade] forNode=whatsapp userId=1 icpId=160 kit=found selectionsResolved=1/7 contextLength=268 preview="UPSTREAM CONTEXT — SELECTED ASSETS: Selected landing-page direction: hero headline "Your Homepage, P"
[REDTEAM whatsapp 15/15] discovery_call_reminder → whatsappSequenceId=136, 3 messages captured.

[REDTEAM whatsapp 15/15] 15-consultant-full-inputs — generating event_logistics...
[cascade] forNode=whatsapp userId=1 icpId=160 kit=found selectionsResolved=1/7 contextLength=268 preview="UPSTREAM CONTEXT — SELECTED ASSETS: Selected landing-page direction: hero headline "Your Homepage, P"
[REDTEAM whatsapp 15/15] event_logistics → whatsappSequenceId=137, 3 messages captured.

[REDTEAM] Phase 3: Audit

[REDTEAM] Audit complete. Summary written to /tmp/redteam-results.json
Findings by category: {
  placeholder_leakage: 371,
  fabricated_next_cohort_date: 32,
  fabricated_specific_refund_mechanic: 1,
  fabricated_pricing_currency_amount: 31,
  fabricated_guarantee_timeframe: 1,
  fabricated_anchor_price_range: 1
}

[REDTEAM] Phase 3.6 (γ'): WhatsApp Audit

[REDTEAM γ'] WhatsApp audit complete. Findings written to /tmp/redteam-whatsapp-findings.json
WhatsApp findings by category: {
  placeholder_leakage: 474,
  fabricated_next_cohort_date: 17,
  fabricated_pricing_currency_amount: 11,
  fabricated_guarantee_timeframe: 3,
  lp_archetypal_in_whatsapp: 1
}
WhatsApp findings by classification: {
  INTENDED: 474,
  UNCERTAIN: 13,
  'USER-SUPPLIED': 11,
  'MODEL-INVENTED': 8
}

[REDTEAM] Phase 4: Cleanup
[REDTEAM whatsapp-cleanup] deleted whatsappSequences rows for 15 __REDTEAM__ services.
[REDTEAM] Cleanup: deleted 15 services, 15 ICPs, and downstream artifacts.
[REDTEAM] Done.
